{"__type":"$$EventMessageAudit","id":"ec60309c-2c5b-4552-a9dd-06b0507daeb5","ts":"2025-06-29T08:04:26.795+00:00","eventName":"n8n.audit.user.login.success","message":"n8n.audit.user.login.success","payload":{"userId":"59ece555-bdaa-40ee-9e45-54dc5643d989","_email":"ottodokmember@gmail.com","_firstName":"MORADOK","_lastName":"MALEE","globalRole":"global:owner","authenticationMethod":"email"}}
{"__type":"$$EventMessageConfirm","confirm":"ec60309c-2c5b-4552-a9dd-06b0507daeb5","ts":"2025-06-29T08:04:26.796+00:00","source":{"id":"0","name":"eventBus"}}
{"__type":"$$EventMessageAudit","id":"291286eb-d61f-40cf-b299-af1fe484906c","ts":"2025-06-29T08:04:46.592+00:00","eventName":"n8n.audit.user.credentials.updated","message":"n8n.audit.user.credentials.updated","payload":{"userId":"59ece555-bdaa-40ee-9e45-54dc5643d989","_email":"ottodokmember@gmail.com","_firstName":"MORADOK","_lastName":"MALEE","globalRole":"global:owner","credentialType":"googleDriveOAuth2Api","credentialId":"EaY6k8p36CLcvYg5"}}
{"__type":"$$EventMessageConfirm","confirm":"291286eb-d61f-40cf-b299-af1fe484906c","ts":"2025-06-29T08:04:46.593+00:00","source":{"id":"0","name":"eventBus"}}
{"__type":"$$EventMessageAudit","id":"c127ebce-ac44-43d9-8e74-257e6f67daae","ts":"2025-06-29T08:05:10.699+00:00","eventName":"n8n.audit.user.credentials.updated","message":"n8n.audit.user.credentials.updated","payload":{"userId":"59ece555-bdaa-40ee-9e45-54dc5643d989","_email":"ottodokmember@gmail.com","_firstName":"MORADOK","_lastName":"MALEE","globalRole":"global:owner","credentialType":"googleSheetsTriggerOAuth2Api","credentialId":"cBGpXC6l0UsOr6Po"}}
{"__type":"$$EventMessageConfirm","confirm":"c127ebce-ac44-43d9-8e74-257e6f67daae","ts":"2025-06-29T08:05:10.700+00:00","source":{"id":"0","name":"eventBus"}}
{"__type":"$$EventMessageAudit","id":"b98279cb-4539-4398-ae31-b2488f6fa8d4","ts":"2025-06-29T04:08:48.975-04:00","eventName":"n8n.audit.user.credentials.created","message":"n8n.audit.user.credentials.created","payload":{"userId":"59ece555-bdaa-40ee-9e45-54dc5643d989","_email":"ottodokmember@gmail.com","_firstName":"MORADOK","_lastName":"MALEE","globalRole":"global:owner","credentialType":"googleCalendarOAuth2Api","credentialId":"6xrX2mznxxmerD6h","publicApi":false,"projectId":"UhnXApVWzfZMpyDe","projectType":"personal"}}
{"__type":"$$EventMessageConfirm","confirm":"b98279cb-4539-4398-ae31-b2488f6fa8d4","ts":"2025-06-29T04:08:48.976-04:00","source":{"id":"0","name":"eventBus"}}
{"__type":"$$EventMessageWorkflow","id":"815e3106-9eda-47ae-9518-5e97615e0f0c","ts":"2025-06-29T04:10:48.222-04:00","eventName":"n8n.workflow.started","message":"n8n.workflow.started","payload":{"executionId":"148","workflowId":"iZ0RWsbXfus9txJs","isManual":false,"workflowName":"My workflow"}}
{"__type":"$$EventMessageConfirm","confirm":"815e3106-9eda-47ae-9518-5e97615e0f0c","ts":"2025-06-29T04:10:48.222-04:00","source":{"id":"0","name":"eventBus"}}
{"__type":"$$EventMessageNode","id":"3fc95099-5f08-4eb2-9a80-20fd997ddfea","ts":"2025-06-29T04:10:48.223-04:00","eventName":"n8n.node.started","message":"n8n.node.started","payload":{"workflowId":"iZ0RWsbXfus9txJs","workflowName":"My workflow","executionId":"148","nodeType":"n8n-nodes-base.googleSheetsTrigger","nodeName":"Google Sheets Trigger","nodeId":"9626c7b1-60d8-4841-ba9d-ff56efe8b7ad"}}
{"__type":"$$EventMessageConfirm","confirm":"3fc95099-5f08-4eb2-9a80-20fd997ddfea","ts":"2025-06-29T04:10:48.224-04:00","source":{"id":"0","name":"eventBus"}}
{"__type":"$$EventMessageWorkflow","id":"2d3a9cee-ece1-4d53-97af-260df1582e4d","ts":"2025-06-29T04:10:49.644-04:00","eventName":"n8n.workflow.success","message":"n8n.workflow.success","payload":{"executionId":"148","userId":"59ece555-bdaa-40ee-9e45-54dc5643d989","success":true,"isManual":true,"workflowId":"iZ0RWsbXfus9txJs","workflowName":"My workflow"}}
{"__type":"$$EventMessageConfirm","confirm":"2d3a9cee-ece1-4d53-97af-260df1582e4d","ts":"2025-06-29T04:10:49.645-04:00","source":{"id":"0","name":"eventBus"}}
{"__type":"$$EventMessageAudit","id":"2e4f3be2-1289-49ba-9054-658a96b5720f","ts":"2025-06-29T04:38:32.622-04:00","eventName":"n8n.audit.workflow.updated","message":"n8n.audit.workflow.updated","payload":{"userId":"59ece555-bdaa-40ee-9e45-54dc5643d989","_email":"ottodokmember@gmail.com","_firstName":"MORADOK","_lastName":"MALEE","globalRole":"global:owner","workflowId":"iZ0RWsbXfus9txJs","workflowName":"My workflow"}}
{"__type":"$$EventMessageConfirm","confirm":"2e4f3be2-1289-49ba-9054-658a96b5720f","ts":"2025-06-29T04:38:32.623-04:00","source":{"id":"0","name":"eventBus"}}
{"__type":"$$EventMessageAudit","id":"214d13da-f290-467b-abac-2ad6e36be48e","ts":"2025-06-29T04:39:58.106-04:00","eventName":"n8n.audit.workflow.created","message":"n8n.audit.workflow.created","payload":{"userId":"59ece555-bdaa-40ee-9e45-54dc5643d989","_email":"ottodokmember@gmail.com","_firstName":"MORADOK","_lastName":"MALEE","globalRole":"global:owner","workflowId":"aKOwBY75zRzGuDjh","workflowName":"My workflow 2"}}
{"__type":"$$EventMessageConfirm","confirm":"214d13da-f290-467b-abac-2ad6e36be48e","ts":"2025-06-29T04:39:58.106-04:00","source":{"id":"0","name":"eventBus"}}
{"__type":"$$EventMessageAudit","id":"d98d427f-0cfe-4971-b919-a7bc61960d15","ts":"2025-06-29T04:46:42.426-04:00","eventName":"n8n.audit.workflow.updated","message":"n8n.audit.workflow.updated","payload":{"userId":"59ece555-bdaa-40ee-9e45-54dc5643d989","_email":"ottodokmember@gmail.com","_firstName":"MORADOK","_lastName":"MALEE","globalRole":"global:owner","workflowId":"aKOwBY75zRzGuDjh","workflowName":"My workflow 2 sample"}}
{"__type":"$$EventMessageConfirm","confirm":"d98d427f-0cfe-4971-b919-a7bc61960d15","ts":"2025-06-29T04:46:42.426-04:00","source":{"id":"0","name":"eventBus"}}
{"__type":"$$EventMessageAudit","id":"26fd7f82-03ef-40cf-84a1-8a1a892adb77","ts":"2025-06-29T04:46:42.779-04:00","eventName":"n8n.audit.workflow.updated","message":"n8n.audit.workflow.updated","payload":{"userId":"59ece555-bdaa-40ee-9e45-54dc5643d989","_email":"ottodokmember@gmail.com","_firstName":"MORADOK","_lastName":"MALEE","globalRole":"global:owner","workflowId":"aKOwBY75zRzGuDjh","workflowName":"My workflow 2 sample"}}
{"__type":"$$EventMessageConfirm","confirm":"26fd7f82-03ef-40cf-84a1-8a1a892adb77","ts":"2025-06-29T04:46:42.780-04:00","source":{"id":"0","name":"eventBus"}}
{"__type":"$$EventMessageAudit","id":"776ebda0-8950-4070-a353-6351f8f6699e","ts":"2025-06-29T05:45:27.202-04:00","eventName":"n8n.audit.workflow.updated","message":"n8n.audit.workflow.updated","payload":{"userId":"59ece555-bdaa-40ee-9e45-54dc5643d989","_email":"ottodokmember@gmail.com","_firstName":"MORADOK","_lastName":"MALEE","globalRole":"global:owner","workflowId":"aKOwBY75zRzGuDjh","workflowName":"My workflow 2 sample"}}
{"__type":"$$EventMessageConfirm","confirm":"776ebda0-8950-4070-a353-6351f8f6699e","ts":"2025-06-29T05:45:27.204-04:00","source":{"id":"0","name":"eventBus"}}
{"__type":"$$EventMessageAudit","id":"c75976a9-e06a-47ce-8f09-6ccf82f3da1f","ts":"2025-06-29T05:47:41.245-04:00","eventName":"n8n.audit.user.credentials.created","message":"n8n.audit.user.credentials.created","payload":{"userId":"59ece555-bdaa-40ee-9e45-54dc5643d989","_email":"ottodokmember@gmail.com","_firstName":"MORADOK","_lastName":"MALEE","globalRole":"global:owner","credentialType":"googleSheetsOAuth2Api","credentialId":"KPF42gCtZNLgvVgk","publicApi":false,"projectId":"UhnXApVWzfZMpyDe","projectType":"personal"}}
{"__type":"$$EventMessageConfirm","confirm":"c75976a9-e06a-47ce-8f09-6ccf82f3da1f","ts":"2025-06-29T05:47:41.245-04:00","source":{"id":"0","name":"eventBus"}}
{"__type":"$$EventMessageAudit","id":"094cc101-d4f7-4ba5-86a5-b95ab70ddb62","ts":"2025-06-29T05:48:13.599-04:00","eventName":"n8n.audit.workflow.updated","message":"n8n.audit.workflow.updated","payload":{"userId":"59ece555-bdaa-40ee-9e45-54dc5643d989","_email":"ottodokmember@gmail.com","_firstName":"MORADOK","_lastName":"MALEE","globalRole":"global:owner","workflowId":"iZ0RWsbXfus9txJs","workflowName":"My workflow"}}
{"__type":"$$EventMessageConfirm","confirm":"094cc101-d4f7-4ba5-86a5-b95ab70ddb62","ts":"2025-06-29T05:48:13.599-04:00","source":{"id":"0","name":"eventBus"}}
{"__type":"$$EventMessageWorkflow","id":"9b656538-a45f-4d76-8f81-ba9b27ecca22","ts":"2025-06-29T08:28:57.196-04:00","eventName":"n8n.workflow.started","message":"n8n.workflow.started","payload":{"executionId":"149","workflowId":"iZ0RWsbXfus9txJs","isManual":false,"workflowName":"My workflow"}}
{"__type":"$$EventMessageConfirm","confirm":"9b656538-a45f-4d76-8f81-ba9b27ecca22","ts":"2025-06-29T08:28:57.201-04:00","source":{"id":"0","name":"eventBus"}}
{"__type":"$$EventMessageNode","id":"e844c5f0-4544-4363-abb2-7e08c204fde2","ts":"2025-06-29T08:28:57.204-04:00","eventName":"n8n.node.started","message":"n8n.node.started","payload":{"workflowId":"iZ0RWsbXfus9txJs","workflowName":"My workflow","executionId":"149","nodeType":"n8n-nodes-base.googleSheets","nodeName":"Find User in Patients Sheet","nodeId":"ab668cd9-aaec-42c8-ac9f-5cdd19fd16df"}}
{"__type":"$$EventMessageConfirm","confirm":"e844c5f0-4544-4363-abb2-7e08c204fde2","ts":"2025-06-29T08:28:57.204-04:00","source":{"id":"0","name":"eventBus"}}
{"__type":"$$EventMessageNode","id":"3df35188-fda2-43f7-8a1b-ee68b3fb8ad8","ts":"2025-06-29T08:29:00.523-04:00","eventName":"n8n.node.finished","message":"n8n.node.finished","payload":{"workflowId":"iZ0RWsbXfus9txJs","workflowName":"My workflow","executionId":"149","nodeType":"n8n-nodes-base.googleSheets","nodeName":"Find User in Patients Sheet","nodeId":"ab668cd9-aaec-42c8-ac9f-5cdd19fd16df"}}
{"__type":"$$EventMessageConfirm","confirm":"3df35188-fda2-43f7-8a1b-ee68b3fb8ad8","ts":"2025-06-29T08:29:00.525-04:00","source":{"id":"0","name":"eventBus"}}
{"__type":"$$EventMessageWorkflow","id":"6470795c-5ab2-4381-853f-ccf4abff91a5","ts":"2025-06-29T08:29:00.537-04:00","eventName":"n8n.workflow.success","message":"n8n.workflow.success","payload":{"executionId":"149","userId":"59ece555-bdaa-40ee-9e45-54dc5643d989","success":true,"isManual":true,"workflowId":"iZ0RWsbXfus9txJs","workflowName":"My workflow"}}
{"__type":"$$EventMessageConfirm","confirm":"6470795c-5ab2-4381-853f-ccf4abff91a5","ts":"2025-06-29T08:29:00.537-04:00","source":{"id":"0","name":"eventBus"}}
{"__type":"$$EventMessageAudit","id":"4221bb26-8e4e-42fd-a824-a9561e30a7fa","ts":"2025-06-29T08:57:15.505-04:00","eventName":"n8n.audit.workflow.updated","message":"n8n.audit.workflow.updated","payload":{"userId":"59ece555-bdaa-40ee-9e45-54dc5643d989","_email":"ottodokmember@gmail.com","_firstName":"MORADOK","_lastName":"MALEE","globalRole":"global:owner","workflowId":"iZ0RWsbXfus9txJs","workflowName":"My workflow"}}
{"__type":"$$EventMessageConfirm","confirm":"4221bb26-8e4e-42fd-a824-a9561e30a7fa","ts":"2025-06-29T08:57:15.507-04:00","source":{"id":"0","name":"eventBus"}}
